RELEASE BLOCKED
AUDIT: pending
CORE: pending
KV01: pending
KD01: pending
KT01: pending
KV02: pending
MK01: pending
KD02: pending
KD03: pending
KD04: pending
KD05: pending
MK02: pending
MK03: pending
MK04: pending
MK05: pending
KV03: pending
KV04: pending
KV05: pending
KT02: pending
KT03: pending
KT04: pending
KT05: pending
NS01: pending
NS02: pending
NS03: pending
NS04: pending
NS05: pending
SX02: pending
SX01: pending
SX03: pending
SX04: pending
SX05: pending
INTEGRATION: pending
OPERATIONS: pending
RELEASE: pending
